[0.058830s] Zelda overlapping-3x3 sequential probe: seed=0 context lexical 20x20
[0.058884s] source tile loading start
[0.790674s] source tile loading complete: 0.731765s
[0.790733s] peak RSS after source tile loading: 46620672 bytes
[0.791078s] wrapped 3x3 pattern extraction start
[1.033413s] wrapped 3x3 pattern extraction complete: 0.242296s
[1.033497s] peak RSS after wrapped 3x3 pattern extraction: 50552832 bytes
[1.034041s] overlap compatibility construction start
[11.486507s] overlap compatibility construction complete: 10.452425s
[11.486575s] peak RSS after overlap compatibility construction: 51806208 bytes
[11.486968s] total sequential CNF construction start
[11.487009s] CNF variables start
[12.466522s] CNF variables complete: 0.979500s; added 0 clauses
[12.466610s] CNF exactly_one start
[16.755483s] CNF exactly_one complete: 4.288864s; added 3548400 clauses
[16.755547s] CNF compatibility start
[28.789622s] CNF compatibility complete: 12.034066s; added 2248080 clauses
[28.789731s] total sequential CNF construction complete: 17.302740s
[28.789764s] peak RSS after total sequential CNF construction: 1154273280 bytes
[28.790223s] patterns: 2958
[28.790249s] output_cells: 400
[28.790274s] placement_variables: 1183200
[28.790287s] auxiliary_variables: 1182800
[28.790299s] total_variables: 2366000
[28.790311s] at_least_one_clauses: 400
[28.790324s] sequential_at_most_one_clauses: 3548000
[28.790336s] compatibility_support_clauses: 2248080
[28.790349s] total_clauses: 5796480
[28.858371s] CaDiCaL bootstrap start
[35.312414s] CaDiCaL bootstrap complete: 6.453897s
[35.312512s] peak RSS after CaDiCaL bootstrap: 2570080256 bytes
[35.312969s] mapping construction/validation start
[39.763709s] mapping construction/validation complete: 4.450705s
[39.768770s] peak RSS after mapping construction/validation: 2924838912 bytes
[39.769349s] DomainObserver construction/connection start
[41.343818s] DomainObserver construction/connection complete: 1.574298s
[41.343915s] peak RSS after DomainObserver construction/connection: 2963476480 bytes
[41.444491s] placement observe() registration start
[41.883780s] placement observe() registration complete: 0.439159s
[41.883889s] peak RSS after placement observe() registration: 2963476480 bytes
[41.884709s] solver.solve() start
[180.000000s] external watchdog timeout; solver.solve() did not return; solve >138.115291s
